
*** crates/spoolq-core/src/queue.rs:511:9: replace Queue::wall_floor_for_mutation -> Result<u64, Error> with Ok(1)

*** mutation diff:
--- crates/spoolq-core/src/queue.rs
+++ replace Queue::wall_floor_for_mutation -> Result<u64, Error> with Ok(1)
@@ -503,23 +503,17 @@
 
     fn poison(&mut self) {
         self.poisoned = true;
     }
     /// Compute the effective wall floor: max(CLOCK_REALTIME, stored watermark bucket * width)
     /// Wall floor for mutating operations. P0-01: Returns Err and poisons
     /// on failure so callers abort before computing destination paths.
     pub(crate) fn wall_floor_for_mutation(&mut self) -> Result<u64, Error> {
-        match self.effective_wall_floor_ns_checked() {
-            Ok(ns) => Ok(ns),
-            Err(e) => {
-                self.poison();
-                Err(e)
-            }
-        }
+        Ok(1) /* ~ changed by cargo-mutants ~ */
     }
 
     /// Wall floor for read-only or recovery operations. Falls back to raw
     /// CLOCK_REALTIME on error without poisoning, since recovery must continue.
     pub(crate) fn effective_wall_floor_ns(&self) -> u64 {
         match self.effective_wall_floor_ns_checked() {
             Ok(ns) => ns,
             Err(_) => spoolq_fs_linux::clock_realtime_ns().unwrap_or(0),


*** /home/davidtorcivia/.rustup/toolchains/1.88.0-x86_64-unknown-linux-gnu/bin/cargo test --no-run --verbose --package=spoolq-core@0.1.0
       Fresh unicode-ident v1.0.24
       Fresh proc-macro2 v1.0.107
       Fresh quote v1.0.47
       Fresh cfg-if v1.0.4
       Fresh version_check v0.9.5
       Fresh typenum v1.20.1
       Fresh syn v2.0.119
       Fresh syn v3.0.3
       Fresh cpufeatures v0.2.17
       Fresh autocfg v1.5.1
       Fresh either v1.17.0
       Fresh memchr v2.8.3
       Fresh clap_lex v1.1.0
       Fresh regex-syntax v0.8.11
       Fresh libc v0.2.189
       Fresh zerocopy-derive v0.8.56
       Fresh crossbeam-utils v0.8.22
       Fresh serde_core v1.0.229
       Fresh thiserror-impl v1.0.69
       Fresh serde_derive v1.0.229
       Fresh itoa v1.0.18
       Fresh ciborium-io v0.2.2
       Fresh anstyle v1.0.14
       Fresh plotters-backend v0.3.7
       Fresh itertools v0.10.5
       Fresh regex-automata v0.4.18
       Fresh generic-array v0.14.7
       Fresh zerocopy v0.8.56
       Fresh crossbeam-epoch v0.9.20
       Fresh thiserror v1.0.69
       Fresh serde v1.0.229
       Fresh zmij v1.0.23
       Fresh clap_builder v4.6.6
       Fresh plotters-svg v0.3.7
       Fresh cast v0.3.0
       Fresh linux-raw-sys v0.12.1
       Fresh same-file v1.0.6
       Fresh once_cell v1.21.4
       Fresh bitflags v2.13.1
       Fresh regex v1.13.1
       Fresh is-terminal v0.4.17
       Fresh spoolq-fs-linux v0.1.0 (/tmp/cargo-mutants-spoolq-tt77hP.tmp/crates/spoolq-fs-linux)
       Fresh oorandom v11.1.5
       Fresh anes v0.1.6
       Fresh fastrand v2.5.0
       Fresh block-buffer v0.10.4
       Fresh crypto-common v0.1.7
       Fresh half v2.7.1
       Fresh crossbeam-deque v0.8.7
       Fresh num-traits v0.2.19
       Fresh serde_json v1.0.151
       Fresh clap v4.6.6
       Fresh walkdir v2.5.0
       Fresh rustix v1.1.4
       Fresh criterion-plot v0.5.0
       Fresh getrandom v0.4.3
       Fresh digest v0.10.7
       Fresh rayon-core v1.13.0
       Fresh ciborium-ll v0.2.2
       Fresh tinytemplate v1.2.1
       Fresh plotters v0.3.7
       Fresh tempfile v3.27.0
       Fresh sha2 v0.10.9
       Fresh ciborium v0.2.2
       Fresh rayon v1.12.0
       Fresh spoolq-format v0.1.0 (/tmp/cargo-mutants-spoolq-tt77hP.tmp/crates/spoolq-format)
       Fresh spoolq-math v0.1.0 (/tmp/cargo-mutants-spoolq-tt77hP.tmp/crates/spoolq-math)
       Fresh criterion v0.5.1
       Fresh spoolq-names v0.1.0 (/tmp/cargo-mutants-spoolq-tt77hP.tmp/crates/spoolq-names)
       Dirty spoolq-core v0.1.0 (/tmp/cargo-mutants-spoolq-tt77hP.tmp/crates/spoolq-core): the file `crates/spoolq-core/src/queue.rs` has changed (1786139686.260992048s, 4s after last build at 1786139682.340901400s)
   Compiling spoolq-core v0.1.0 (/tmp/cargo-mutants-spoolq-tt77hP.tmp/crates/spoolq-core)
     Running `/home/davidtorcivia/.rustup/toolchains/1.88.0-x86_64-unknown-linux-gnu/bin/rustc --crate-name spoolq_core --edition=2021 crates/spoolq-core/src/lib.rs --error-format=json --json=diagnostic-rendered-ansi,artifacts,future-incompat --emit=dep-info,link -C embed-bitcode=no -C debuginfo=2 --test --check-cfg 'cfg(docsrs,test)' --check-cfg 'cfg(feature, values())' -C metadata=03247d8421bced53 -C extra-filename=-3df264829b7166b2 --out-dir /tmp/cargo-mutants-spoolq-tt77hP.tmp/target/debug/deps -C incremental=/tmp/cargo-mutants-spoolq-tt77hP.tmp/target/debug/incremental -L dependency=/tmp/cargo-mutants-spoolq-tt77hP.tmp/target/debug/deps --extern criterion=/tmp/cargo-mutants-spoolq-tt77hP.tmp/target/debug/deps/libcriterion-5e7c93a05943ba7c.rlib --extern libc=/tmp/cargo-mutants-spoolq-tt77hP.tmp/target/debug/deps/liblibc-cb8fd924c8df72bf.rlib --extern sha2=/tmp/cargo-mutants-spoolq-tt77hP.tmp/target/debug/deps/libsha2-eb5e74d628211b89.rlib --extern spoolq_format=/tmp/cargo-mutants-spoolq-tt77hP.tmp/target/debug/deps/libspoolq_format-5ff958cb57533a93.rlib --extern spoolq_fs_linux=/tmp/cargo-mutants-spoolq-tt77hP.tmp/target/debug/deps/libspoolq_fs_linux-d94b1782d2179a22.rlib --extern spoolq_math=/tmp/cargo-mutants-spoolq-tt77hP.tmp/target/debug/deps/libspoolq_math-f5bb1f10d08ec56c.rlib --extern spoolq_names=/tmp/cargo-mutants-spoolq-tt77hP.tmp/target/debug/deps/libspoolq_names-fcdca88f9689e449.rlib --extern tempfile=/tmp/cargo-mutants-spoolq-tt77hP.tmp/target/debug/deps/libtempfile-f80ce2590971964f.rlib --extern thiserror=/tmp/cargo-mutants-spoolq-tt77hP.tmp/target/debug/deps/libthiserror-4c83c32296ce572b.rlib --cap-lints=warn`
     Running `/home/davidtorcivia/.rustup/toolchains/1.88.0-x86_64-unknown-linux-gnu/bin/rustc --crate-name spoolq_core --edition=2021 crates/spoolq-core/src/lib.rs --error-format=json --json=diagnostic-rendered-ansi,artifacts,future-incompat --crate-type lib --emit=dep-info,metadata,link -C embed-bitcode=no -C debuginfo=2 --check-cfg 'cfg(docsrs,test)' --check-cfg 'cfg(feature, values())' -C metadata=e4f6ed4dd60641bc -C extra-filename=-32a261b615590b88 --out-dir /tmp/cargo-mutants-spoolq-tt77hP.tmp/target/debug/deps -C incremental=/tmp/cargo-mutants-spoolq-tt77hP.tmp/target/debug/incremental -L dependency=/tmp/cargo-mutants-spoolq-tt77hP.tmp/target/debug/deps --extern libc=/tmp/cargo-mutants-spoolq-tt77hP.tmp/target/debug/deps/liblibc-cb8fd924c8df72bf.rmeta --extern sha2=/tmp/cargo-mutants-spoolq-tt77hP.tmp/target/debug/deps/libsha2-eb5e74d628211b89.rmeta --extern spoolq_format=/tmp/cargo-mutants-spoolq-tt77hP.tmp/target/debug/deps/libspoolq_format-5ff958cb57533a93.rmeta --extern spoolq_fs_linux=/tmp/cargo-mutants-spoolq-tt77hP.tmp/target/debug/deps/libspoolq_fs_linux-d94b1782d2179a22.rmeta --extern spoolq_math=/tmp/cargo-mutants-spoolq-tt77hP.tmp/target/debug/deps/libspoolq_math-f5bb1f10d08ec56c.rmeta --extern spoolq_names=/tmp/cargo-mutants-spoolq-tt77hP.tmp/target/debug/deps/libspoolq_names-fcdca88f9689e449.rmeta --extern thiserror=/tmp/cargo-mutants-spoolq-tt77hP.tmp/target/debug/deps/libthiserror-4c83c32296ce572b.rmeta --cap-lints=warn`
    Finished `test` profile [unoptimized + debuginfo] target(s) in 0.52s
  Executable `/tmp/cargo-mutants-spoolq-tt77hP.tmp/target/debug/deps/spoolq_core-3df264829b7166b2`

*** result: Success

*** /home/davidtorcivia/.rustup/toolchains/1.88.0-x86_64-unknown-linux-gnu/bin/cargo test --verbose --package=spoolq-core@0.1.0
       Fresh unicode-ident v1.0.24
       Fresh proc-macro2 v1.0.107
       Fresh cfg-if v1.0.4
       Fresh version_check v0.9.5
       Fresh typenum v1.20.1
       Fresh quote v1.0.47
       Fresh autocfg v1.5.1
       Fresh cpufeatures v0.2.17
       Fresh either v1.17.0
       Fresh ciborium-io v0.2.2
       Fresh clap_lex v1.1.0
       Fresh plotters-backend v0.3.7
       Fresh regex-syntax v0.8.11
       Fresh syn v2.0.119
       Fresh libc v0.2.189
       Fresh syn v3.0.3
       Fresh itoa v1.0.18
       Fresh memchr v2.8.3
       Fresh anstyle v1.0.14
       Fresh itertools v0.10.5
       Fresh regex-automata v0.4.18
       Fresh generic-array v0.14.7
       Fresh thiserror-impl v1.0.69
       Fresh crossbeam-utils v0.8.22
       Fresh serde_core v1.0.229
       Fresh zerocopy-derive v0.8.56
       Fresh serde_derive v1.0.229
       Fresh zmij v1.0.23
       Fresh clap_builder v4.6.6
       Fresh plotters-svg v0.3.7
       Fresh cast v0.3.0
       Fresh linux-raw-sys v0.12.1
       Fresh once_cell v1.21.4
       Fresh same-file v1.0.6
       Fresh bitflags v2.13.1
       Fresh is-terminal v0.4.17
       Fresh regex v1.13.1
       Fresh spoolq-fs-linux v0.1.0 (/tmp/cargo-mutants-spoolq-tt77hP.tmp/crates/spoolq-fs-linux)
       Fresh oorandom v11.1.5
       Fresh crypto-common v0.1.7
       Fresh block-buffer v0.10.4
       Fresh thiserror v1.0.69
       Fresh zerocopy v0.8.56
       Fresh crossbeam-epoch v0.9.20
       Fresh serde v1.0.229
       Fresh serde_json v1.0.151
       Fresh num-traits v0.2.19
       Fresh criterion-plot v0.5.0
       Fresh clap v4.6.6
       Fresh walkdir v2.5.0
       Fresh getrandom v0.4.3
       Fresh rustix v1.1.4
       Fresh fastrand v2.5.0
       Fresh anes v0.1.6
       Fresh digest v0.10.7
       Fresh crossbeam-deque v0.8.7
       Fresh half v2.7.1
       Fresh tinytemplate v1.2.1
       Fresh plotters v0.3.7
       Fresh tempfile v3.27.0
       Fresh sha2 v0.10.9
       Fresh rayon-core v1.13.0
       Fresh ciborium-ll v0.2.2
       Fresh spoolq-format v0.1.0 (/tmp/cargo-mutants-spoolq-tt77hP.tmp/crates/spoolq-format)
       Fresh ciborium v0.2.2
       Fresh rayon v1.12.0
       Fresh spoolq-math v0.1.0 (/tmp/cargo-mutants-spoolq-tt77hP.tmp/crates/spoolq-math)
       Fresh spoolq-names v0.1.0 (/tmp/cargo-mutants-spoolq-tt77hP.tmp/crates/spoolq-names)
       Fresh criterion v0.5.1
       Fresh spoolq-core v0.1.0 (/tmp/cargo-mutants-spoolq-tt77hP.tmp/crates/spoolq-core)
    Finished `test` profile [unoptimized + debuginfo] target(s) in 0.03s
     Running `/tmp/cargo-mutants-spoolq-tt77hP.tmp/target/debug/deps/spoolq_core-3df264829b7166b2`

running 95 tests
test errors::tests::dead_reason_round_trip ... ok
test errors::tests::lease_remaining ... ok
test errors::tests::quarantine_reason_round_trip ... ok
test quarantine::tests::fsck_clean_queue ... ok
test quarantine::tests::fsck_finds_valid_job ... ok
test queue::tests::concurrent_lease_uniqueness ... ok
test queue::tests::ack_preserves_error_categories ... ok
test quarantine::tests::fsck_deep_verifies_payload ... ok
test quarantine::tests::fsck_detects_header_corruption ... ok
test quarantine::tests::fsck_repair_quarantines_corrupt_header ... ok
test queue::tests::ack_verified_fd_dev_ino_check ... ok
test queue::tests::ack_conflicting_receipt_is_not_already_acked ... FAILED
test queue::tests::ack_unverified_eexist_triggers_not_committed ... FAILED
test queue::tests::duplicate_ack_returns_already_acked ... ok
test queue::tests::ack_succeeds_without_explicit_verify ... ok
test queue::tests::bury_after_lease ... ok
test queue::tests::delay_preserves_attempt ... ok
test queue::tests::ack_accepts_verified_lease ... ok
test queue::tests::ack_verified_fd_held_open_across_rename ... ok
test queue::tests::ack_on_gone_source_returns_already_acked ... FAILED
test queue::tests::ack_already_lost_returns_lease_lost ... FAILED
test queue::tests::enqueue_basic ... ok
test queue::tests::enqueue_rejects_oversize_payload ... ok
test queue::tests::empty_queue_returns_empty_not_error ... ok
test queue::tests::enqueue_survives_reopen ... ok
test queue::tests::enqueue_delayed ... ok
test queue::tests::enqueue_zero_attempts_rejected ... ok
test queue::tests::enotdir_in_lease_path_is_corruption ... ok
test queue::tests::format_file_is_readonly ... ok
test queue::tests::format_file_exists_after_init ... ok
test queue::tests::enqueue_zero_payload ... ok
test queue::tests::init_validates_zero_delayed_width ... ok
test queue::tests::init_validates_zero_lease_width ... ok
test queue::tests::fd_leak_stress ... ok
test queue::tests::fsck_finds_valid_leased_job ... ok
test queue::tests::enqueue_large_payload ... ok
test queue::tests::exhausted_attempts_move_to_dead ... ok
test queue::tests::fsck_finds_valid_delayed_job ... ok
test queue::tests::fsck_finds_valid_dead_job ... ok
test queue::tests::fsck_finds_valid_receipt ... ok
test queue::tests::init_and_open ... ok
test queue::tests::init_refuses_existing_queue ... ok
test queue::tests::guard_link_count ... ok
test queue::tests::guard_file_sync_before_publish ... ok
test queue::tests::full_lifecycle ... ok
test queue::tests::guard_name_tag_verification ... ok
test queue::tests::guard_payload_verification_prevents_ack ... ok
test queue::tests::full_lifecycle_with_verify ... ok
test queue::tests::guard_shard_verification ... ok
test queue::tests::guard_attempt_limit_enforced ... ok
test queue::tests::inspect_returns_empty_for_unknown ... ok
test queue::tests::lease_duration_validation ... ok
test queue::tests::inspect_finds_ready_job ... ok
test queue::tests::lease_empty_queue ... ok
test queue::tests::inspect_finds_leased_job ... ok
test queue::tests::poisoned_queue_rejects_operations ... ok
test queue::tests::open_rejects_missing_state_dir ... ok
test queue::tests::reject_invalid_lease_duration ... ok
test queue::tests::reject_retry_on_empty_queue ... ok
test queue::tests::reject_ack_on_empty_queue ... ok
test queue::tests::reject_generation_overflow ... ok
test queue::tests::one_attempt_job_single_lease ... ok
test queue::tests::resolve_detects_ready_object_present ... ok
test queue::tests::read_lease_payload_chunk_respects_offset ... ok
test queue::tests::reject_zero_dev_inode_lease ... ok
test queue::tests::payload_verification ... ok
test queue::tests::resolve_rejects_wrong_job_id ... ok
test queue::tests::post_claim_returns_lease_on_success ... ok
test queue::tests::resolve_rejects_wrong_shard_in_path ... ok
test state_machine::tests::ack_does_not_change_attempt ... ok
test state_machine::tests::all_transitions_use_no_overwrite ... ok
test state_machine::tests::claim_increments_attempt ... ok
test state_machine::tests::illegal_transitions ... ok
test state_machine::tests::legal_transitions ... ok
test state_machine::tests::renew_preserves_token ... ok
test state_machine::tests::transition_count ... ok
test queue::tests::resolve_source_still_in_ready ... ok
test queue::tests::renew_extends_lease ... ok
test recovery::tests::recovery_empty_queue ... ok
test queue::tests::retry_at_in_past_is_retry_now ... ok
test queue::tests::retry_after_lease ... ok
test queue::tests::scan_round_advances ... ok
test queue::tests::wall_floor_error_poisons_mutating_ops ... ok
test queue::tests::wall_watermark_advances ... ok
test queue::tests::retry_exhausted_goes_to_dead ... ok
test queue::tests::retry_with_policy_works ... ok
test queue::tests::verify_lease_payload_detects_corruption ... ok
test queue::tests::source_validation_rejects_wrong_generation ... ok
test queue::tests::verify_payload_detects_wrong_data ... ok
test queue::tests::stream_lease_payload_reads_all_data ... ok
test queue::tests::stream_payload_exact_byte_math ... ok
test queue::tests::concurrent_producers_consumers ... ok
test queue::tests::oracle_driven_closed_loop ... ok
test recovery::tests::recovery_reaps_expired_lease ... ok
test queue::tests::concurrent_producers_consumers_overlap ... ok

failures:

---- queue::tests::ack_conflicting_receipt_is_not_already_acked stdout ----

thread 'queue::tests::ack_conflicting_receipt_is_not_already_acked' panicked at crates/spoolq-core/src/queue.rs:5267:34:
conflicting receipt should not be Acked
note: run with `RUST_BACKTRACE=1` environment variable to display a backtrace

---- queue::tests::ack_unverified_eexist_triggers_not_committed stdout ----

thread 'queue::tests::ack_unverified_eexist_triggers_not_committed' panicked at crates/spoolq-core/src/queue.rs:5532:22:
expected NotCommitted, got Acked

---- queue::tests::ack_on_gone_source_returns_already_acked stdout ----

thread 'queue::tests::ack_on_gone_source_returns_already_acked' panicked at crates/spoolq-core/src/queue.rs:5321:9:
second ack should be AlreadyAcked, got LeaseLost

---- queue::tests::ack_already_lost_returns_lease_lost stdout ----

thread 'queue::tests::ack_already_lost_returns_lease_lost' panicked at crates/spoolq-core/src/queue.rs:3816:9:
assertion failed: matches!(result, AckOutcome::AlreadyAcked)


failures:
    queue::tests::ack_already_lost_returns_lease_lost
    queue::tests::ack_conflicting_receipt_is_not_already_acked
    queue::tests::ack_on_gone_source_returns_already_acked
    queue::tests::ack_unverified_eexist_triggers_not_committed

test result: FAILED. 91 passed; 4 failed; 0 ignored; 0 measured; 0 filtered out; finished in 3.11s

error: test failed, to rerun pass `-p spoolq-core --lib`

*** result: Failure(101)
