
*** crates/spoolq-core/src/queue.rs:632:9: replace Queue::enqueue -> EnqueueOutcome with Default::default()

*** mutation diff:
--- crates/spoolq-core/src/queue.rs
+++ replace Queue::enqueue -> EnqueueOutcome with Default::default()
@@ -624,252 +624,17 @@
         .map_err(|e| Error::IoFailure(e.to_string()))?;
         fs::fsync_dir_fd(control_fd.as_raw_fd()).map_err(|e| Error::IoFailure(e.to_string()))?;
 
         Ok(())
     }
 
     /// Enqueue a job with the given payload and metadata.
     pub fn enqueue(&mut self, job: EnqueueInput) -> EnqueueOutcome {
-        if let Err(e) = self.check_not_poisoned() {
-            let ticket = EnqueueTicket {
-                job_id: [0; 16],
-                envelope_digest: [0; 32],
-                expected_initial_state: InitialState::Ready,
-                expected_relative_path: String::new(),
-            };
-            return EnqueueOutcome::NotCommitted(ticket, e);
-        }
-
-        // Generate job ID before any filesystem operation
-        let job_id = match fs::random_128bit() {
-            Ok(id) => id,
-            Err(e) => {
-                let ticket = EnqueueTicket {
-                    job_id: [0; 16],
-                    envelope_digest: [0; 32],
-                    expected_initial_state: InitialState::Ready,
-                    expected_relative_path: String::new(),
-                };
-                return EnqueueOutcome::NotCommitted(ticket, Error::IoFailure(e.to_string()));
-            }
-        };
-
-        let created_at = match fs::clock_realtime_ns() {
-            Ok(t) => t,
-            Err(e) => {
-                let ticket = EnqueueTicket {
-                    job_id,
-                    envelope_digest: [0; 32],
-                    expected_initial_state: InitialState::Ready,
-                    expected_relative_path: String::new(),
-                };
-                return EnqueueOutcome::NotCommitted(ticket, Error::IoFailure(e.to_string()));
-            }
-        };
-
-        // Validate maximum_attempts
-        if job.maximum_attempts == 0 {
-            let ticket = EnqueueTicket {
-                job_id,
-                envelope_digest: [0; 32],
-                expected_initial_state: InitialState::Ready,
-                expected_relative_path: String::new(),
-            };
-            return EnqueueOutcome::NotCommitted(
-                ticket,
-                Error::InvalidInput("maximum_attempts must be >= 1".into()),
-            );
-        }
-
-        // Encode extension header
-        let ext = ExtensionHeader {
-            initial_not_before_unix_ns: job.initial_not_before,
-            content_type: job.content_type.clone(),
-            metadata: job.metadata.clone(),
-            producer_id: job.producer_id.clone(),
-            trace_context: job.trace_context.clone(),
-        };
-
-        let ext_bytes = match ext.encode() {
-            Ok(b) => b,
-            Err(e) => {
-                let ticket = EnqueueTicket {
-                    job_id,
-                    envelope_digest: [0; 32],
-                    expected_initial_state: InitialState::Ready,
-                    expected_relative_path: String::new(),
-                };
-                return EnqueueOutcome::NotCommitted(ticket, Error::InvalidInput(e.to_string()));
-            }
-        };
-
-        // C-11: Validate payload size BEFORE hashing
-        if job.payload.len() as u64 > self.format.max_payload_length.min(MAX_PAYLOAD_LENGTH) {
-            let ticket = EnqueueTicket {
-                job_id,
-                envelope_digest: [0; 32],
-                expected_initial_state: InitialState::Ready,
-                expected_relative_path: String::new(),
-            };
-            return EnqueueOutcome::NotCommitted(
-                ticket,
-                Error::InvalidInput("payload exceeds limit".into()),
-            );
-        }
-
-        // Compute payload digest (after size validation - C-11)
-        let pdig = payload_digest(&job.payload);
-
-        // Build fixed header
-        let mut header = FixedHeader {
-            extension_header_length: ext_bytes.len() as u32,
-            payload_length: job.payload.len() as u64,
-            flags: 0,
-            digest_algorithm: DIGEST_ALGORITHM_SHA256,
-            job_id,
-            maximum_attempts: job.maximum_attempts,
-            created_at_unix_ns: created_at,
-            payload_digest: pdig,
-            envelope_digest: [0; 32],
-        };
-        let env_dig = match envelope_digest(&header, &ext_bytes) {
-            Some(d) => d,
-            None => {
-                let ticket = EnqueueTicket {
-                    job_id,
-                    envelope_digest: [0; 32],
-                    expected_initial_state: InitialState::Ready,
-                    expected_relative_path: String::new(),
-                };
-                return EnqueueOutcome::NotCommitted(
-                    ticket,
-                    Error::InvalidInput("extension length mismatch".into()),
-                );
-            }
-        };
-        header.envelope_digest = env_dig;
-
-        // Compute shard
-        let shard = compute_shard(&self.format.queue_id, &job_id, self.format.shard_count);
-        let shard_str = shard_hex(shard);
-
-        // Determine initial state: ready or delayed
-        let now_wall = match self.wall_floor_for_mutation() {
-            Ok(v) => v,
-            Err(e) => {
-                return EnqueueOutcome::NotCommitted(
-                    EnqueueTicket {
-                        job_id: [0; 16],
-                        envelope_digest: [0; 32],
-                        expected_initial_state: crate::errors::InitialState::Ready,
-                        expected_relative_path: String::new(),
-                    },
-                    e,
-                )
-            }
-        };
-        let (initial_state, eligibility_bucket) = match job.initial_not_before {
-            Some(nb) if nb > now_wall => {
-                let (eb, _) =
-                    match eligibility_bucket_and_ns(nb, self.format.delayed_bucket_width_ns) {
-                        Some(v) => v,
-                        None => {
-                            let ticket = EnqueueTicket {
-                                job_id,
-                                envelope_digest: header.envelope_digest,
-                                expected_initial_state: InitialState::Ready,
-                                expected_relative_path: String::new(),
-                            };
-                            return EnqueueOutcome::NotCommitted(
-                                ticket,
-                                Error::InvalidInput("eligibility overflow".into()),
-                            );
-                        }
-                    };
-                (InitialState::Delayed, eb)
-            }
-            _ => (InitialState::Ready, 0),
-        };
-
-        // Build the canonical filename and path
-        let common = CommonFields {
-            job_id,
-            generation: 0,
-            attempt: 0,
-            maximum_attempts: job.maximum_attempts,
-        };
-
-        let (dest_dir_relative, filename, expected_path) = match initial_state {
-            InitialState::Ready => {
-                let base = format!(
-                    "{}.g{:016x}.a{:08x}.m{:08x}",
-                    spoolq_names::hex_encode(&job_id),
-                    0u64,
-                    0u32,
-                    job.maximum_attempts
-                );
-                let ctx = ready_context(&shard_str, &base);
-                let tag = compute_name_tag(&self.format.queue_id, &ctx);
-                let fname = ready_filename(&common, &tag);
-                let path = format!("ready/{shard_str}/{fname}");
-                (format!("ready/{shard_str}"), fname, path)
-            }
-            InitialState::Delayed => {
-                let bucket_str = bucket_hex(eligibility_bucket);
-                let base = format!(
-                    "{}.g{:016x}.a{:08x}.m{:08x}.d{:016x}",
-                    spoolq_names::hex_encode(&job_id),
-                    0u64,
-                    0u32,
-                    job.maximum_attempts,
-                    nb_to_u64(job.initial_not_before)
-                );
-                let ctx = delayed_context(&bucket_str, &shard_str, &base);
-                let tag = compute_name_tag(&self.format.queue_id, &ctx);
-                let fname = delayed_filename(&common, nb_to_u64(job.initial_not_before), &tag);
-                let path = format!("delayed/{bucket_str}/{shard_str}/{fname}");
-                (format!("delayed/{bucket_str}/{shard_str}"), fname, path)
-            }
-        };
-
-        let ticket = EnqueueTicket {
-            job_id,
-            envelope_digest: header.envelope_digest,
-            expected_initial_state: initial_state,
-            expected_relative_path: expected_path.clone(),
-        };
-
-        // Create the job file using O_TMPFILE in the destination directory
-        let result = self.write_and_publish(
-            &dest_dir_relative,
-            &filename,
-            &header,
-            &ext_bytes,
-            &job.payload,
-        );
-
-        match result {
-            Ok(()) => {
-                // R2-B05: Advance wall watermark. Failure is not fatal to the
-                // committed enqueue but is logged via the poison flag for
-                // diagnostics. The watermark is advisory monotonicity, not
-                // a correctness barrier for the enqueue itself.
-                if self.advance_wall_watermark(created_at).is_err() {
-                    // Watermark advancement failed; the enqueue is still committed.
-                    // Future clock-rollback protection is degraded for this bucket.
-                }
-                EnqueueOutcome::Committed(ticket)
-            }
-            Err(PublishError::NotCommitted(e)) => EnqueueOutcome::NotCommitted(ticket, e),
-            Err(PublishError::OutcomeUnknown(e)) => {
-                self.poison();
-                EnqueueOutcome::OutcomeUnknown(ticket, e)
-            }
-        }
+        Default::default() /* ~ changed by cargo-mutants ~ */
     }
 
     /// Write the job envelope to a temp file and publish via rename.
     fn write_and_publish(
         &mut self,
         dest_dir_relative: &str,
         dest_name: &str,
         header: &FixedHeader,


*** /home/davidtorcivia/.rustup/toolchains/1.88.0-x86_64-unknown-linux-gnu/bin/cargo test --no-run --verbose --package=spoolq-core@0.1.0
       Fresh unicode-ident v1.0.24
       Fresh proc-macro2 v1.0.107
       Fresh version_check v0.9.5
       Fresh cfg-if v1.0.4
       Fresh typenum v1.20.1
       Fresh quote v1.0.47
       Fresh autocfg v1.5.1
       Fresh cpufeatures v0.2.17
       Fresh either v1.17.0
       Fresh regex-syntax v0.8.11
       Fresh itoa v1.0.18
       Fresh ciborium-io v0.2.2
       Fresh syn v2.0.119
       Fresh libc v0.2.189
       Fresh syn v3.0.3
       Fresh memchr v2.8.3
       Fresh anstyle v1.0.14
       Fresh plotters-backend v0.3.7
       Fresh clap_lex v1.1.0
       Fresh itertools v0.10.5
       Fresh generic-array v0.14.7
       Fresh crossbeam-utils v0.8.22
       Fresh zerocopy-derive v0.8.56
       Fresh serde_core v1.0.229
       Fresh thiserror-impl v1.0.69
       Fresh serde_derive v1.0.229
       Fresh zmij v1.0.23
       Fresh clap_builder v4.6.6
       Fresh plotters-svg v0.3.7
       Fresh regex-automata v0.4.18
       Fresh linux-raw-sys v0.12.1
       Fresh once_cell v1.21.4
       Fresh cast v0.3.0
       Fresh bitflags v2.13.1
       Fresh same-file v1.0.6
       Fresh getrandom v0.4.3
       Fresh spoolq-fs-linux v0.1.0 (/tmp/cargo-mutants-spoolq-tt77hP.tmp/crates/spoolq-fs-linux)
       Fresh is-terminal v0.4.17
       Fresh anes v0.1.6
       Fresh block-buffer v0.10.4
       Fresh crypto-common v0.1.7
       Fresh thiserror v1.0.69
       Fresh crossbeam-epoch v0.9.20
       Fresh zerocopy v0.8.56
       Fresh serde v1.0.229
       Fresh num-traits v0.2.19
       Fresh serde_json v1.0.151
       Fresh rustix v1.1.4
       Fresh regex v1.13.1
       Fresh criterion-plot v0.5.0
       Fresh walkdir v2.5.0
       Fresh clap v4.6.6
       Fresh oorandom v11.1.5
       Fresh fastrand v2.5.0
       Fresh digest v0.10.7
       Fresh crossbeam-deque v0.8.7
       Fresh half v2.7.1
       Fresh tinytemplate v1.2.1
       Fresh plotters v0.3.7
       Fresh tempfile v3.27.0
       Fresh sha2 v0.10.9
       Fresh rayon-core v1.13.0
       Fresh ciborium-ll v0.2.2
       Fresh spoolq-format v0.1.0 (/tmp/cargo-mutants-spoolq-tt77hP.tmp/crates/spoolq-format)
       Fresh ciborium v0.2.2
       Fresh spoolq-math v0.1.0 (/tmp/cargo-mutants-spoolq-tt77hP.tmp/crates/spoolq-math)
       Fresh rayon v1.12.0
       Fresh spoolq-names v0.1.0 (/tmp/cargo-mutants-spoolq-tt77hP.tmp/crates/spoolq-names)
       Fresh criterion v0.5.1
       Dirty spoolq-core v0.1.0 (/tmp/cargo-mutants-spoolq-tt77hP.tmp/crates/spoolq-core): the file `crates/spoolq-core/src/queue.rs` has changed (1786139689.970077799s, 3s after last build at 1786139686.301992996s)
   Compiling spoolq-core v0.1.0 (/tmp/cargo-mutants-spoolq-tt77hP.tmp/crates/spoolq-core)
     Running `/home/davidtorcivia/.rustup/toolchains/1.88.0-x86_64-unknown-linux-gnu/bin/rustc --crate-name spoolq_core --edition=2021 crates/spoolq-core/src/lib.rs --error-format=json --json=diagnostic-rendered-ansi,artifacts,future-incompat --emit=dep-info,link -C embed-bitcode=no -C debuginfo=2 --test --check-cfg 'cfg(docsrs,test)' --check-cfg 'cfg(feature, values())' -C metadata=03247d8421bced53 -C extra-filename=-3df264829b7166b2 --out-dir /tmp/cargo-mutants-spoolq-tt77hP.tmp/target/debug/deps -C incremental=/tmp/cargo-mutants-spoolq-tt77hP.tmp/target/debug/incremental -L dependency=/tmp/cargo-mutants-spoolq-tt77hP.tmp/target/debug/deps --extern criterion=/tmp/cargo-mutants-spoolq-tt77hP.tmp/target/debug/deps/libcriterion-5e7c93a05943ba7c.rlib --extern libc=/tmp/cargo-mutants-spoolq-tt77hP.tmp/target/debug/deps/liblibc-cb8fd924c8df72bf.rlib --extern sha2=/tmp/cargo-mutants-spoolq-tt77hP.tmp/target/debug/deps/libsha2-eb5e74d628211b89.rlib --extern spoolq_format=/tmp/cargo-mutants-spoolq-tt77hP.tmp/target/debug/deps/libspoolq_format-5ff958cb57533a93.rlib --extern spoolq_fs_linux=/tmp/cargo-mutants-spoolq-tt77hP.tmp/target/debug/deps/libspoolq_fs_linux-d94b1782d2179a22.rlib --extern spoolq_math=/tmp/cargo-mutants-spoolq-tt77hP.tmp/target/debug/deps/libspoolq_math-f5bb1f10d08ec56c.rlib --extern spoolq_names=/tmp/cargo-mutants-spoolq-tt77hP.tmp/target/debug/deps/libspoolq_names-fcdca88f9689e449.rlib --extern tempfile=/tmp/cargo-mutants-spoolq-tt77hP.tmp/target/debug/deps/libtempfile-f80ce2590971964f.rlib --extern thiserror=/tmp/cargo-mutants-spoolq-tt77hP.tmp/target/debug/deps/libthiserror-4c83c32296ce572b.rlib --cap-lints=warn`
     Running `/home/davidtorcivia/.rustup/toolchains/1.88.0-x86_64-unknown-linux-gnu/bin/rustc --crate-name spoolq_core --edition=2021 crates/spoolq-core/src/lib.rs --error-format=json --json=diagnostic-rendered-ansi,artifacts,future-incompat --crate-type lib --emit=dep-info,metadata,link -C embed-bitcode=no -C debuginfo=2 --check-cfg 'cfg(docsrs,test)' --check-cfg 'cfg(feature, values())' -C metadata=e4f6ed4dd60641bc -C extra-filename=-32a261b615590b88 --out-dir /tmp/cargo-mutants-spoolq-tt77hP.tmp/target/debug/deps -C incremental=/tmp/cargo-mutants-spoolq-tt77hP.tmp/target/debug/incremental -L dependency=/tmp/cargo-mutants-spoolq-tt77hP.tmp/target/debug/deps --extern libc=/tmp/cargo-mutants-spoolq-tt77hP.tmp/target/debug/deps/liblibc-cb8fd924c8df72bf.rmeta --extern sha2=/tmp/cargo-mutants-spoolq-tt77hP.tmp/target/debug/deps/libsha2-eb5e74d628211b89.rmeta --extern spoolq_format=/tmp/cargo-mutants-spoolq-tt77hP.tmp/target/debug/deps/libspoolq_format-5ff958cb57533a93.rmeta --extern spoolq_fs_linux=/tmp/cargo-mutants-spoolq-tt77hP.tmp/target/debug/deps/libspoolq_fs_linux-d94b1782d2179a22.rmeta --extern spoolq_math=/tmp/cargo-mutants-spoolq-tt77hP.tmp/target/debug/deps/libspoolq_math-f5bb1f10d08ec56c.rmeta --extern spoolq_names=/tmp/cargo-mutants-spoolq-tt77hP.tmp/target/debug/deps/libspoolq_names-fcdca88f9689e449.rmeta --extern thiserror=/tmp/cargo-mutants-spoolq-tt77hP.tmp/target/debug/deps/libthiserror-4c83c32296ce572b.rmeta --cap-lints=warn`
warning: unused import: `spoolq_format::cbor::ExtensionHeader`
 --> crates/spoolq-core/src/queue.rs:8:5
  |
8 | use spoolq_format::cbor::ExtensionHeader;
  |     ^^^^^^^^^^^^^^^^^^^^^^^^^^^^^^^^^^^^
  |
  = note: `#[warn(unused_imports)]` on by default

warning: unused imports: `DIGEST_ALGORITHM_SHA256`, `envelope_digest`, and `payload_digest`
  --> crates/spoolq-core/src/queue.rs:10:5
   |
10 |     envelope_digest, payload_digest, FixedHeader, FormatRecord, WatermarkRecord,
   |     ^^^^^^^^^^^^^^^  ^^^^^^^^^^^^^^
11 |     DIGEST_ALGORITHM_SHA256, MAX_PAYLOAD_LENGTH,
   |     ^^^^^^^^^^^^^^^^^^^^^^^

warning: unused import: `eligibility_bucket_and_ns`
  --> crates/spoolq-core/src/queue.rs:14:56
   |
14 | use spoolq_math::{self, bucket_number, ceiling_bucket, eligibility_bucket_and_ns};
   |                                                        ^^^^^^^^^^^^^^^^^^^^^^^^^

warning: unused imports: `delayed_context` and `delayed_filename`
  --> crates/spoolq-core/src/queue.rs:16:56
   |
16 |     self, bucket_hex, compute_name_tag, compute_shard, delayed_context, delayed_filename,
   |                                                        ^^^^^^^^^^^^^^^  ^^^^^^^^^^^^^^^^

error[E0277]: the trait bound `errors::EnqueueOutcome: Default` is not satisfied
   --> crates/spoolq-core/src/queue.rs:632:9
    |
632 |         Default::default() /* ~ changed by cargo-mutants ~ */
    |         ^^^^^^^^^^^^^^^^^^ the trait `Default` is not implemented for `errors::EnqueueOutcome`

For more information about this error, try `rustc --explain E0277`.
warning: `spoolq-core` (lib) generated 4 warnings
error: could not compile `spoolq-core` (lib) due to 1 previous error; 4 warnings emitted

Caused by:
  process didn't exit successfully: `/home/davidtorcivia/.rustup/toolchains/1.88.0-x86_64-unknown-linux-gnu/bin/rustc --crate-name spoolq_core --edition=2021 crates/spoolq-core/src/lib.rs --error-format=json --json=diagnostic-rendered-ansi,artifacts,future-incompat --crate-type lib --emit=dep-info,metadata,link -C embed-bitcode=no -C debuginfo=2 --check-cfg 'cfg(docsrs,test)' --check-cfg 'cfg(feature, values())' -C metadata=e4f6ed4dd60641bc -C extra-filename=-32a261b615590b88 --out-dir /tmp/cargo-mutants-spoolq-tt77hP.tmp/target/debug/deps -C incremental=/tmp/cargo-mutants-spoolq-tt77hP.tmp/target/debug/incremental -L dependency=/tmp/cargo-mutants-spoolq-tt77hP.tmp/target/debug/deps --extern libc=/tmp/cargo-mutants-spoolq-tt77hP.tmp/target/debug/deps/liblibc-cb8fd924c8df72bf.rmeta --extern sha2=/tmp/cargo-mutants-spoolq-tt77hP.tmp/target/debug/deps/libsha2-eb5e74d628211b89.rmeta --extern spoolq_format=/tmp/cargo-mutants-spoolq-tt77hP.tmp/target/debug/deps/libspoolq_format-5ff958cb57533a93.rmeta --extern spoolq_fs_linux=/tmp/cargo-mutants-spoolq-tt77hP.tmp/target/debug/deps/libspoolq_fs_linux-d94b1782d2179a22.rmeta --extern spoolq_math=/tmp/cargo-mutants-spoolq-tt77hP.tmp/target/debug/deps/libspoolq_math-f5bb1f10d08ec56c.rmeta --extern spoolq_names=/tmp/cargo-mutants-spoolq-tt77hP.tmp/target/debug/deps/libspoolq_names-fcdca88f9689e449.rmeta --extern thiserror=/tmp/cargo-mutants-spoolq-tt77hP.tmp/target/debug/deps/libthiserror-4c83c32296ce572b.rmeta --cap-lints=warn` (exit status: 1)
warning: build failed, waiting for other jobs to finish...
warning: `spoolq-core` (lib test) generated 4 warnings (4 duplicates)
error: could not compile `spoolq-core` (lib test) due to 1 previous error; 4 warnings emitted

Caused by:
  process didn't exit successfully: `/home/davidtorcivia/.rustup/toolchains/1.88.0-x86_64-unknown-linux-gnu/bin/rustc --crate-name spoolq_core --edition=2021 crates/spoolq-core/src/lib.rs --error-format=json --json=diagnostic-rendered-ansi,artifacts,future-incompat --emit=dep-info,link -C embed-bitcode=no -C debuginfo=2 --test --check-cfg 'cfg(docsrs,test)' --check-cfg 'cfg(feature, values())' -C metadata=03247d8421bced53 -C extra-filename=-3df264829b7166b2 --out-dir /tmp/cargo-mutants-spoolq-tt77hP.tmp/target/debug/deps -C incremental=/tmp/cargo-mutants-spoolq-tt77hP.tmp/target/debug/incremental -L dependency=/tmp/cargo-mutants-spoolq-tt77hP.tmp/target/debug/deps --extern criterion=/tmp/cargo-mutants-spoolq-tt77hP.tmp/target/debug/deps/libcriterion-5e7c93a05943ba7c.rlib --extern libc=/tmp/cargo-mutants-spoolq-tt77hP.tmp/target/debug/deps/liblibc-cb8fd924c8df72bf.rlib --extern sha2=/tmp/cargo-mutants-spoolq-tt77hP.tmp/target/debug/deps/libsha2-eb5e74d628211b89.rlib --extern spoolq_format=/tmp/cargo-mutants-spoolq-tt77hP.tmp/target/debug/deps/libspoolq_format-5ff958cb57533a93.rlib --extern spoolq_fs_linux=/tmp/cargo-mutants-spoolq-tt77hP.tmp/target/debug/deps/libspoolq_fs_linux-d94b1782d2179a22.rlib --extern spoolq_math=/tmp/cargo-mutants-spoolq-tt77hP.tmp/target/debug/deps/libspoolq_math-f5bb1f10d08ec56c.rlib --extern spoolq_names=/tmp/cargo-mutants-spoolq-tt77hP.tmp/target/debug/deps/libspoolq_names-fcdca88f9689e449.rlib --extern tempfile=/tmp/cargo-mutants-spoolq-tt77hP.tmp/target/debug/deps/libtempfile-f80ce2590971964f.rlib --extern thiserror=/tmp/cargo-mutants-spoolq-tt77hP.tmp/target/debug/deps/libthiserror-4c83c32296ce572b.rlib --cap-lints=warn` (exit status: 1)

*** result: Failure(101)
