
*** crates/spoolq-core/src/queue.rs:349:9: replace Queue::open -> Result<Self, Error> with Ok(Default::default())

*** mutation diff:
--- crates/spoolq-core/src/queue.rs
+++ replace Queue::open -> Result<Self, Error> with Ok(Default::default())
@@ -341,142 +341,17 @@
         fs::fsync_dir_fd(root_fd.as_raw_fd())?;
 
         Ok(format_rec)
     }
 
     /// Open an existing queue.
     pub fn open(root: &Path, opts: &OpenOptions) -> Result<Self, Error> {
         // B-11: Open root first using descriptor-relative, no-symlink semantics
-        let root_fd = fs::open_dir_absolute(root).map_err(|e| Error::IoFailure(e.to_string()))?;
-
-        // B-11: Validate root is a directory
-        let root_stat =
-            fs::fstat(root_fd.as_raw_fd()).map_err(|e| Error::IoFailure(e.to_string()))?;
-        if root_stat.st_mode & libc::S_IFMT != libc::S_IFDIR {
-            return Err(Error::QueueCorrupt("root path is not a directory".into()));
-        }
-
-        // B-11: Read FORMAT through descriptor-relative open, not pathname
-        let format_fd = fs::openat(root_fd.as_raw_fd(), "FORMAT", libc::O_RDONLY, 0)
-            .map_err(|e| Error::IoFailure(e.to_string()))?;
-        let mut format_bytes = Vec::new();
-        {
-            let mut buf = [0u8; 4096];
-            loop {
-                match fs::read(format_fd.as_raw_fd(), &mut buf) {
-                    Ok(0) => break,
-                    Ok(n) => format_bytes.extend_from_slice(&buf[..n]),
-                    Err(e) => return Err(Error::IoFailure(e.to_string())),
-                }
-            }
-        }
-        let format_rec = FormatRecord::decode(&format_bytes).map_err(|e| match e {
-            spoolq_format::FormatError::BadMagic | spoolq_format::FormatError::WrongSize { .. } => {
-                Error::QueueCorrupt(format!("FORMAT decode: {e}"))
-            }
-            spoolq_format::FormatError::UnsupportedVersion(_, _) => Error::UnsupportedFormat,
-            spoolq_format::FormatError::DigestMismatch => {
-                Error::QueueCorrupt("FORMAT digest mismatch".into())
-            }
-            _ => Error::QueueCorrupt(format!("FORMAT decode: {e}")),
-        })?;
-
-        // Validate retention bound: ceil(retention / terminal_width) + 2 <= 4096
-        let probe_count = ceiling_bucket(
-            opts.receipt_retention_ns,
-            format_rec.terminal_bucket_width_ns,
-        )
-        .unwrap_or(0)
-        .saturating_add(2);
-        if probe_count > 4096 {
-            return Err(Error::InvalidInput(
-                "receipt retention exceeds duplicate-ack probe bound".into(),
-            ));
-        }
-
-        // Check filesystem type
-        if !opts.allow_unsupported_fs {
-            let magic = fs::statfs(root).map_err(|e| Error::IoFailure(e.to_string()))?;
-            let ft = magic.f_type as i64;
-            match ft {
-                fs::EXT4_SUPER_MAGIC | fs::XFS_SUPER_MAGIC => {}
-                fs::TMPFS_MAGIC => {
-                    return Err(Error::UnsupportedFilesystem);
-                }
-                fs::NFS_SUPER_MAGIC | fs::FUSE_SUPER_MAGIC | fs::OVERLAYFS_SUPER_MAGIC => {
-                    return Err(Error::UnsupportedFilesystem);
-                }
-                _ => {
-                    return Err(Error::UnsupportedFilesystem);
-                }
-            }
-        }
-
-        // B-11: Require all state directories to exist and be on the same device.
-        for state_dir in &[
-            "control",
-            "ready",
-            "leased",
-            "delayed",
-            "receipts",
-            "dead",
-            "quarantine",
-            "tmp",
-        ] {
-            match fs::fstatat(root_fd.as_raw_fd(), state_dir) {
-                Ok(stat) => {
-                    if stat.st_dev != root_stat.st_dev {
-                        return Err(Error::QueueCorrupt(format!(
-                            "state directory '{state_dir}' is on a different device than root"
-                        )));
-                    }
-                    if stat.st_mode & libc::S_IFMT != libc::S_IFDIR {
-                        return Err(Error::QueueCorrupt(format!(
-                            "state path '{state_dir}' is not a directory"
-                        )));
-                    }
-                }
-                Err(_) => {
-                    return Err(Error::QueueCorrupt(format!(
-                        "required state directory '{state_dir}' is missing"
-                    )));
-                }
-            }
-        }
-
-        // Read boot ID
-        let boot_id = fs::read_boot_id().map_err(|e| Error::IoFailure(e.to_string()))?;
-        let boot_id_bin = spoolq_names::boot_id_bytes(&boot_id)
-            .ok_or_else(|| Error::InvalidInput("invalid boot_id format".into()))?;
-
-        // Generate worker nonce
-        let worker_nonce = fs::random_128bit().map_err(|e| Error::IoFailure(e.to_string()))?;
-
-        // Acquire shared maintenance lock
-        let maint_fd = fs::openat(root_fd.as_raw_fd(), "control/maintenance.lock", 0o0, 0o600)
-            .map_err(|e| Error::IoFailure(e.to_string()))?;
-        let locked = fs::try_ofd_read_lock(maint_fd.as_raw_fd())
-            .map_err(|e| Error::IoFailure(e.to_string()))?;
-        if !locked {
-            return Err(Error::MaintenanceBusy);
-        }
-        Ok(Queue {
-            root_fd,
-            root_path: root.to_path_buf(),
-            format: format_rec,
-            boot_id,
-            boot_id_bytes: boot_id_bin,
-            poisoned: false,
-            scan_round: 0,
-            worker_nonce,
-            options: opts.clone(),
-            maint_lock_fd: Some(maint_fd),
-            recovery_cursor: RecoveryCursor::default(),
-        })
+        Ok(Default::default()) /* ~ changed by cargo-mutants ~ */
     }
 
     pub fn format(&self) -> &FormatRecord {
         &self.format
     }
 
     pub fn queue_id(&self) -> &[u8; 16] {
         &self.format.queue_id


*** /home/davidtorcivia/.rustup/toolchains/1.88.0-x86_64-unknown-linux-gnu/bin/cargo test --no-run --verbose --package=spoolq-core@0.1.0
       Fresh unicode-ident v1.0.24
       Fresh proc-macro2 v1.0.107
       Fresh cfg-if v1.0.4
       Fresh version_check v0.9.5
       Fresh typenum v1.20.1
       Fresh quote v1.0.47
       Fresh cpufeatures v0.2.17
       Fresh autocfg v1.5.1
       Fresh either v1.17.0
       Fresh plotters-backend v0.3.7
       Fresh itoa v1.0.18
       Fresh memchr v2.8.3
       Fresh clap_lex v1.1.0
       Fresh syn v2.0.119
       Fresh libc v0.2.189
       Fresh syn v3.0.3
       Fresh regex-syntax v0.8.11
       Fresh ciborium-io v0.2.2
       Fresh anstyle v1.0.14
       Fresh plotters-svg v0.3.7
       Fresh generic-array v0.14.7
       Fresh thiserror-impl v1.0.69
       Fresh zerocopy-derive v0.8.56
       Fresh crossbeam-utils v0.8.22
       Fresh serde_core v1.0.229
       Fresh serde_derive v1.0.229
       Fresh zmij v1.0.23
       Fresh clap_builder v4.6.6
       Fresh regex-automata v0.4.18
       Fresh itertools v0.10.5
       Fresh once_cell v1.21.4
       Fresh same-file v1.0.6
       Fresh bitflags v2.13.1
       Fresh linux-raw-sys v0.12.1
       Fresh cast v0.3.0
       Fresh getrandom v0.4.3
       Fresh spoolq-fs-linux v0.1.0 (/tmp/cargo-mutants-spoolq-3oe28L.tmp/crates/spoolq-fs-linux)
       Fresh is-terminal v0.4.17
       Fresh oorandom v11.1.5
       Fresh block-buffer v0.10.4
       Fresh crypto-common v0.1.7
       Fresh zerocopy v0.8.56
       Fresh crossbeam-epoch v0.9.20
       Fresh thiserror v1.0.69
       Fresh serde v1.0.229
       Fresh serde_json v1.0.151
       Fresh num-traits v0.2.19
       Fresh rustix v1.1.4
       Fresh regex v1.13.1
       Fresh criterion-plot v0.5.0
       Fresh walkdir v2.5.0
       Fresh clap v4.6.6
       Fresh anes v0.1.6
       Fresh fastrand v2.5.0
       Fresh digest v0.10.7
       Fresh half v2.7.1
       Fresh crossbeam-deque v0.8.7
       Fresh tinytemplate v1.2.1
       Fresh plotters v0.3.7
       Fresh tempfile v3.27.0
       Fresh sha2 v0.10.9
       Fresh ciborium-ll v0.2.2
       Fresh rayon-core v1.13.0
       Fresh spoolq-format v0.1.0 (/tmp/cargo-mutants-spoolq-3oe28L.tmp/crates/spoolq-format)
       Fresh spoolq-math v0.1.0 (/tmp/cargo-mutants-spoolq-3oe28L.tmp/crates/spoolq-math)
       Fresh ciborium v0.2.2
       Fresh rayon v1.12.0
       Fresh spoolq-names v0.1.0 (/tmp/cargo-mutants-spoolq-3oe28L.tmp/crates/spoolq-names)
       Fresh criterion v0.5.1
       Dirty spoolq-core v0.1.0 (/tmp/cargo-mutants-spoolq-3oe28L.tmp/crates/spoolq-core): the file `crates/spoolq-core/src/queue.rs` has changed (1786134573.290107552s, 4s after last build at 1786134569.526017823s)
   Compiling spoolq-core v0.1.0 (/tmp/cargo-mutants-spoolq-3oe28L.tmp/crates/spoolq-core)
     Running `/home/davidtorcivia/.rustup/toolchains/1.88.0-x86_64-unknown-linux-gnu/bin/rustc --crate-name spoolq_core --edition=2021 crates/spoolq-core/src/lib.rs --error-format=json --json=diagnostic-rendered-ansi,artifacts,future-incompat --emit=dep-info,link -C embed-bitcode=no -C debuginfo=2 --test --check-cfg 'cfg(docsrs,test)' --check-cfg 'cfg(feature, values())' -C metadata=03247d8421bced53 -C extra-filename=-c52a591e79bab391 --out-dir /tmp/cargo-mutants-spoolq-3oe28L.tmp/target/debug/deps -C incremental=/tmp/cargo-mutants-spoolq-3oe28L.tmp/target/debug/incremental -L dependency=/tmp/cargo-mutants-spoolq-3oe28L.tmp/target/debug/deps --extern criterion=/tmp/cargo-mutants-spoolq-3oe28L.tmp/target/debug/deps/libcriterion-336e364b27c03862.rlib --extern libc=/tmp/cargo-mutants-spoolq-3oe28L.tmp/target/debug/deps/liblibc-9e88ed3c5bf2ccdf.rlib --extern sha2=/tmp/cargo-mutants-spoolq-3oe28L.tmp/target/debug/deps/libsha2-65c10a9fa375dc42.rlib --extern spoolq_format=/tmp/cargo-mutants-spoolq-3oe28L.tmp/target/debug/deps/libspoolq_format-d8914526dd26579d.rlib --extern spoolq_fs_linux=/tmp/cargo-mutants-spoolq-3oe28L.tmp/target/debug/deps/libspoolq_fs_linux-fa1f830202f762e6.rlib --extern spoolq_math=/tmp/cargo-mutants-spoolq-3oe28L.tmp/target/debug/deps/libspoolq_math-849003bb3180c716.rlib --extern spoolq_names=/tmp/cargo-mutants-spoolq-3oe28L.tmp/target/debug/deps/libspoolq_names-eba0d2135d1428a1.rlib --extern tempfile=/tmp/cargo-mutants-spoolq-3oe28L.tmp/target/debug/deps/libtempfile-ecef740f18c6b843.rlib --extern thiserror=/tmp/cargo-mutants-spoolq-3oe28L.tmp/target/debug/deps/libthiserror-b3cb4170505cb99c.rlib`
     Running `/home/davidtorcivia/.rustup/toolchains/1.88.0-x86_64-unknown-linux-gnu/bin/rustc --crate-name spoolq_core --edition=2021 crates/spoolq-core/src/lib.rs --error-format=json --json=diagnostic-rendered-ansi,artifacts,future-incompat --crate-type lib --emit=dep-info,metadata,link -C embed-bitcode=no -C debuginfo=2 --check-cfg 'cfg(docsrs,test)' --check-cfg 'cfg(feature, values())' -C metadata=e4f6ed4dd60641bc -C extra-filename=-2f8fee100c77ff4a --out-dir /tmp/cargo-mutants-spoolq-3oe28L.tmp/target/debug/deps -C incremental=/tmp/cargo-mutants-spoolq-3oe28L.tmp/target/debug/incremental -L dependency=/tmp/cargo-mutants-spoolq-3oe28L.tmp/target/debug/deps --extern libc=/tmp/cargo-mutants-spoolq-3oe28L.tmp/target/debug/deps/liblibc-9e88ed3c5bf2ccdf.rmeta --extern sha2=/tmp/cargo-mutants-spoolq-3oe28L.tmp/target/debug/deps/libsha2-65c10a9fa375dc42.rmeta --extern spoolq_format=/tmp/cargo-mutants-spoolq-3oe28L.tmp/target/debug/deps/libspoolq_format-d8914526dd26579d.rmeta --extern spoolq_fs_linux=/tmp/cargo-mutants-spoolq-3oe28L.tmp/target/debug/deps/libspoolq_fs_linux-fa1f830202f762e6.rmeta --extern spoolq_math=/tmp/cargo-mutants-spoolq-3oe28L.tmp/target/debug/deps/libspoolq_math-849003bb3180c716.rmeta --extern spoolq_names=/tmp/cargo-mutants-spoolq-3oe28L.tmp/target/debug/deps/libspoolq_names-eba0d2135d1428a1.rmeta --extern thiserror=/tmp/cargo-mutants-spoolq-3oe28L.tmp/target/debug/deps/libthiserror-b3cb4170505cb99c.rmeta`
warning: unused import: `ceiling_bucket`
  --> crates/spoolq-core/src/queue.rs:14:40
   |
14 | use spoolq_math::{self, bucket_number, ceiling_bucket, eligibility_bucket_and_ns};
   |                                        ^^^^^^^^^^^^^^
   |
   = note: `#[warn(unused_imports)]` on by default

error[E0277]: the trait bound `Queue: Default` is not satisfied
   --> crates/spoolq-core/src/queue.rs:349:12
    |
349 |         Ok(Default::default()) /* ~ changed by cargo-mutants ~ */
    |            ^^^^^^^^^^^^^^^^^^ the trait `Default` is not implemented for `Queue`

error[E0277]: the trait bound `queue::Queue: Default` is not satisfied
   --> crates/spoolq-core/src/queue.rs:349:12
    |
349 |         Ok(Default::default()) /* ~ changed by cargo-mutants ~ */
    |            ^^^^^^^^^^^^^^^^^^ the trait `Default` is not implemented for `queue::Queue`

For more information about this error, try `rustc --explain E0277`.
warning: `spoolq-core` (lib) generated 1 warning
error: could not compile `spoolq-core` (lib) due to 1 previous error; 1 warning emitted

Caused by:
  process didn't exit successfully: `/home/davidtorcivia/.rustup/toolchains/1.88.0-x86_64-unknown-linux-gnu/bin/rustc --crate-name spoolq_core --edition=2021 crates/spoolq-core/src/lib.rs --error-format=json --json=diagnostic-rendered-ansi,artifacts,future-incompat --crate-type lib --emit=dep-info,metadata,link -C embed-bitcode=no -C debuginfo=2 --check-cfg 'cfg(docsrs,test)' --check-cfg 'cfg(feature, values())' -C metadata=e4f6ed4dd60641bc -C extra-filename=-2f8fee100c77ff4a --out-dir /tmp/cargo-mutants-spoolq-3oe28L.tmp/target/debug/deps -C incremental=/tmp/cargo-mutants-spoolq-3oe28L.tmp/target/debug/incremental -L dependency=/tmp/cargo-mutants-spoolq-3oe28L.tmp/target/debug/deps --extern libc=/tmp/cargo-mutants-spoolq-3oe28L.tmp/target/debug/deps/liblibc-9e88ed3c5bf2ccdf.rmeta --extern sha2=/tmp/cargo-mutants-spoolq-3oe28L.tmp/target/debug/deps/libsha2-65c10a9fa375dc42.rmeta --extern spoolq_format=/tmp/cargo-mutants-spoolq-3oe28L.tmp/target/debug/deps/libspoolq_format-d8914526dd26579d.rmeta --extern spoolq_fs_linux=/tmp/cargo-mutants-spoolq-3oe28L.tmp/target/debug/deps/libspoolq_fs_linux-fa1f830202f762e6.rmeta --extern spoolq_math=/tmp/cargo-mutants-spoolq-3oe28L.tmp/target/debug/deps/libspoolq_math-849003bb3180c716.rmeta --extern spoolq_names=/tmp/cargo-mutants-spoolq-3oe28L.tmp/target/debug/deps/libspoolq_names-eba0d2135d1428a1.rmeta --extern thiserror=/tmp/cargo-mutants-spoolq-3oe28L.tmp/target/debug/deps/libthiserror-b3cb4170505cb99c.rmeta` (exit status: 1)
warning: build failed, waiting for other jobs to finish...
warning: unused variable: `e`
    --> crates/spoolq-core/src/queue.rs:5145:38
     |
5145 |             AckOutcome::NotCommitted(e) => {
     |                                      ^ help: if this is intentional, prefix it with an underscore: `_e`
     |
     = note: `#[warn(unused_variables)]` on by default

warning: `spoolq-core` (lib test) generated 2 warnings (1 duplicate)
error: could not compile `spoolq-core` (lib test) due to 1 previous error; 2 warnings emitted

Caused by:
  process didn't exit successfully: `/home/davidtorcivia/.rustup/toolchains/1.88.0-x86_64-unknown-linux-gnu/bin/rustc --crate-name spoolq_core --edition=2021 crates/spoolq-core/src/lib.rs --error-format=json --json=diagnostic-rendered-ansi,artifacts,future-incompat --emit=dep-info,link -C embed-bitcode=no -C debuginfo=2 --test --check-cfg 'cfg(docsrs,test)' --check-cfg 'cfg(feature, values())' -C metadata=03247d8421bced53 -C extra-filename=-c52a591e79bab391 --out-dir /tmp/cargo-mutants-spoolq-3oe28L.tmp/target/debug/deps -C incremental=/tmp/cargo-mutants-spoolq-3oe28L.tmp/target/debug/incremental -L dependency=/tmp/cargo-mutants-spoolq-3oe28L.tmp/target/debug/deps --extern criterion=/tmp/cargo-mutants-spoolq-3oe28L.tmp/target/debug/deps/libcriterion-336e364b27c03862.rlib --extern libc=/tmp/cargo-mutants-spoolq-3oe28L.tmp/target/debug/deps/liblibc-9e88ed3c5bf2ccdf.rlib --extern sha2=/tmp/cargo-mutants-spoolq-3oe28L.tmp/target/debug/deps/libsha2-65c10a9fa375dc42.rlib --extern spoolq_format=/tmp/cargo-mutants-spoolq-3oe28L.tmp/target/debug/deps/libspoolq_format-d8914526dd26579d.rlib --extern spoolq_fs_linux=/tmp/cargo-mutants-spoolq-3oe28L.tmp/target/debug/deps/libspoolq_fs_linux-fa1f830202f762e6.rlib --extern spoolq_math=/tmp/cargo-mutants-spoolq-3oe28L.tmp/target/debug/deps/libspoolq_math-849003bb3180c716.rlib --extern spoolq_names=/tmp/cargo-mutants-spoolq-3oe28L.tmp/target/debug/deps/libspoolq_names-eba0d2135d1428a1.rlib --extern tempfile=/tmp/cargo-mutants-spoolq-3oe28L.tmp/target/debug/deps/libtempfile-ecef740f18c6b843.rlib --extern thiserror=/tmp/cargo-mutants-spoolq-3oe28L.tmp/target/debug/deps/libthiserror-b3cb4170505cb99c.rlib` (exit status: 1)

*** result: Failure(101)
