
*** crates/spoolq-core/src/queue.rs:478:9: replace Queue::format -> &FormatRecord with Box::leak(Box::new(Default::default()))

*** mutation diff:
--- crates/spoolq-core/src/queue.rs
+++ replace Queue::format -> &FormatRecord with Box::leak(Box::new(Default::default()))
@@ -470,17 +470,17 @@
             worker_nonce,
             options: opts.clone(),
             maint_lock_fd: Some(maint_fd),
             recovery_cursor: RecoveryCursor::default(),
         })
     }
 
     pub fn format(&self) -> &FormatRecord {
-        &self.format
+        Box::leak(Box::new(Default::default())) /* ~ changed by cargo-mutants ~ */
     }
 
     pub fn queue_id(&self) -> &[u8; 16] {
         &self.format.queue_id
     }
 
     pub fn boot_id(&self) -> &str {
         &self.boot_id


*** /home/davidtorcivia/.rustup/toolchains/1.88.0-x86_64-unknown-linux-gnu/bin/cargo test --no-run --verbose --package=spoolq-core@0.1.0
       Fresh unicode-ident v1.0.24
       Fresh proc-macro2 v1.0.107
       Fresh cfg-if v1.0.4
       Fresh version_check v0.9.5
       Fresh typenum v1.20.1
       Fresh cpufeatures v0.2.17
       Fresh autocfg v1.5.1
       Fresh either v1.17.0
       Fresh itoa v1.0.18
       Fresh regex-syntax v0.8.11
       Fresh quote v1.0.47
       Fresh plotters-backend v0.3.7
       Fresh ciborium-io v0.2.2
       Fresh clap_lex v1.1.0
       Fresh anstyle v1.0.14
       Fresh memchr v2.8.3
       Fresh syn v2.0.119
       Fresh libc v0.2.189
       Fresh serde_core v1.0.229
       Fresh syn v3.0.3
       Fresh crossbeam-utils v0.8.22
       Fresh zmij v1.0.23
       Fresh plotters-svg v0.3.7
       Fresh clap_builder v4.6.6
       Fresh itertools v0.10.5
       Fresh regex-automata v0.4.18
       Fresh linux-raw-sys v0.12.1
       Fresh once_cell v1.21.4
       Fresh bitflags v2.13.1
       Fresh same-file v1.0.6
       Fresh cast v0.3.0
       Fresh oorandom v11.1.5
       Fresh fastrand v2.5.0
       Fresh anes v0.1.6
       Fresh generic-array v0.14.7
       Fresh thiserror-impl v1.0.69
       Fresh zerocopy-derive v0.8.56
       Fresh serde_derive v1.0.229
       Fresh crossbeam-epoch v0.9.20
       Fresh serde_json v1.0.151
       Fresh num-traits v0.2.19
       Fresh spoolq-fs-linux v0.1.0 (/tmp/cargo-mutants-spoolq-3oe28L.tmp/crates/spoolq-fs-linux)
       Fresh walkdir v2.5.0
       Fresh regex v1.13.1
       Fresh rustix v1.1.4
       Fresh getrandom v0.4.3
       Fresh criterion-plot v0.5.0
       Fresh is-terminal v0.4.17
       Fresh clap v4.6.6
       Fresh block-buffer v0.10.4
       Fresh crypto-common v0.1.7
       Fresh thiserror v1.0.69
       Fresh zerocopy v0.8.56
       Fresh serde v1.0.229
       Fresh crossbeam-deque v0.8.7
       Fresh plotters v0.3.7
       Fresh tempfile v3.27.0
       Fresh digest v0.10.7
       Fresh half v2.7.1
       Fresh rayon-core v1.13.0
       Fresh tinytemplate v1.2.1
       Fresh sha2 v0.10.9
       Fresh ciborium-ll v0.2.2
       Fresh rayon v1.12.0
       Fresh spoolq-format v0.1.0 (/tmp/cargo-mutants-spoolq-3oe28L.tmp/crates/spoolq-format)
       Fresh ciborium v0.2.2
       Fresh spoolq-math v0.1.0 (/tmp/cargo-mutants-spoolq-3oe28L.tmp/crates/spoolq-math)
       Fresh spoolq-names v0.1.0 (/tmp/cargo-mutants-spoolq-3oe28L.tmp/crates/spoolq-names)
       Fresh criterion v0.5.1
       Dirty spoolq-core v0.1.0 (/tmp/cargo-mutants-spoolq-3oe28L.tmp/crates/spoolq-core): the file `crates/spoolq-core/src/queue.rs` has changed (1786134616.592139778s, 1s after last build at 1786134615.877122734s)
   Compiling spoolq-core v0.1.0 (/tmp/cargo-mutants-spoolq-3oe28L.tmp/crates/spoolq-core)
     Running `/home/davidtorcivia/.rustup/toolchains/1.88.0-x86_64-unknown-linux-gnu/bin/rustc --crate-name spoolq_core --edition=2021 crates/spoolq-core/src/lib.rs --error-format=json --json=diagnostic-rendered-ansi,artifacts,future-incompat --emit=dep-info,link -C embed-bitcode=no -C debuginfo=2 --test --check-cfg 'cfg(docsrs,test)' --check-cfg 'cfg(feature, values())' -C metadata=03247d8421bced53 -C extra-filename=-c52a591e79bab391 --out-dir /tmp/cargo-mutants-spoolq-3oe28L.tmp/target/debug/deps -C incremental=/tmp/cargo-mutants-spoolq-3oe28L.tmp/target/debug/incremental -L dependency=/tmp/cargo-mutants-spoolq-3oe28L.tmp/target/debug/deps --extern criterion=/tmp/cargo-mutants-spoolq-3oe28L.tmp/target/debug/deps/libcriterion-336e364b27c03862.rlib --extern libc=/tmp/cargo-mutants-spoolq-3oe28L.tmp/target/debug/deps/liblibc-9e88ed3c5bf2ccdf.rlib --extern sha2=/tmp/cargo-mutants-spoolq-3oe28L.tmp/target/debug/deps/libsha2-65c10a9fa375dc42.rlib --extern spoolq_format=/tmp/cargo-mutants-spoolq-3oe28L.tmp/target/debug/deps/libspoolq_format-d8914526dd26579d.rlib --extern spoolq_fs_linux=/tmp/cargo-mutants-spoolq-3oe28L.tmp/target/debug/deps/libspoolq_fs_linux-fa1f830202f762e6.rlib --extern spoolq_math=/tmp/cargo-mutants-spoolq-3oe28L.tmp/target/debug/deps/libspoolq_math-849003bb3180c716.rlib --extern spoolq_names=/tmp/cargo-mutants-spoolq-3oe28L.tmp/target/debug/deps/libspoolq_names-eba0d2135d1428a1.rlib --extern tempfile=/tmp/cargo-mutants-spoolq-3oe28L.tmp/target/debug/deps/libtempfile-ecef740f18c6b843.rlib --extern thiserror=/tmp/cargo-mutants-spoolq-3oe28L.tmp/target/debug/deps/libthiserror-b3cb4170505cb99c.rlib`
     Running `/home/davidtorcivia/.rustup/toolchains/1.88.0-x86_64-unknown-linux-gnu/bin/rustc --crate-name spoolq_core --edition=2021 crates/spoolq-core/src/lib.rs --error-format=json --json=diagnostic-rendered-ansi,artifacts,future-incompat --crate-type lib --emit=dep-info,metadata,link -C embed-bitcode=no -C debuginfo=2 --check-cfg 'cfg(docsrs,test)' --check-cfg 'cfg(feature, values())' -C metadata=e4f6ed4dd60641bc -C extra-filename=-2f8fee100c77ff4a --out-dir /tmp/cargo-mutants-spoolq-3oe28L.tmp/target/debug/deps -C incremental=/tmp/cargo-mutants-spoolq-3oe28L.tmp/target/debug/incremental -L dependency=/tmp/cargo-mutants-spoolq-3oe28L.tmp/target/debug/deps --extern libc=/tmp/cargo-mutants-spoolq-3oe28L.tmp/target/debug/deps/liblibc-9e88ed3c5bf2ccdf.rmeta --extern sha2=/tmp/cargo-mutants-spoolq-3oe28L.tmp/target/debug/deps/libsha2-65c10a9fa375dc42.rmeta --extern spoolq_format=/tmp/cargo-mutants-spoolq-3oe28L.tmp/target/debug/deps/libspoolq_format-d8914526dd26579d.rmeta --extern spoolq_fs_linux=/tmp/cargo-mutants-spoolq-3oe28L.tmp/target/debug/deps/libspoolq_fs_linux-fa1f830202f762e6.rmeta --extern spoolq_math=/tmp/cargo-mutants-spoolq-3oe28L.tmp/target/debug/deps/libspoolq_math-849003bb3180c716.rmeta --extern spoolq_names=/tmp/cargo-mutants-spoolq-3oe28L.tmp/target/debug/deps/libspoolq_names-eba0d2135d1428a1.rmeta --extern thiserror=/tmp/cargo-mutants-spoolq-3oe28L.tmp/target/debug/deps/libthiserror-b3cb4170505cb99c.rmeta`
error[E0277]: the trait bound `FormatRecord: Default` is not satisfied
   --> crates/spoolq-core/src/queue.rs:478:28
    |
478 |         Box::leak(Box::new(Default::default())) /* ~ changed by cargo-mutants ~ */
    |                            ^^^^^^^^^^^^^^^^^^ the trait `Default` is not implemented for `FormatRecord`

For more information about this error, try `rustc --explain E0277`.
error: could not compile `spoolq-core` (lib) due to 1 previous error

Caused by:
  process didn't exit successfully: `/home/davidtorcivia/.rustup/toolchains/1.88.0-x86_64-unknown-linux-gnu/bin/rustc --crate-name spoolq_core --edition=2021 crates/spoolq-core/src/lib.rs --error-format=json --json=diagnostic-rendered-ansi,artifacts,future-incompat --crate-type lib --emit=dep-info,metadata,link -C embed-bitcode=no -C debuginfo=2 --check-cfg 'cfg(docsrs,test)' --check-cfg 'cfg(feature, values())' -C metadata=e4f6ed4dd60641bc -C extra-filename=-2f8fee100c77ff4a --out-dir /tmp/cargo-mutants-spoolq-3oe28L.tmp/target/debug/deps -C incremental=/tmp/cargo-mutants-spoolq-3oe28L.tmp/target/debug/incremental -L dependency=/tmp/cargo-mutants-spoolq-3oe28L.tmp/target/debug/deps --extern libc=/tmp/cargo-mutants-spoolq-3oe28L.tmp/target/debug/deps/liblibc-9e88ed3c5bf2ccdf.rmeta --extern sha2=/tmp/cargo-mutants-spoolq-3oe28L.tmp/target/debug/deps/libsha2-65c10a9fa375dc42.rmeta --extern spoolq_format=/tmp/cargo-mutants-spoolq-3oe28L.tmp/target/debug/deps/libspoolq_format-d8914526dd26579d.rmeta --extern spoolq_fs_linux=/tmp/cargo-mutants-spoolq-3oe28L.tmp/target/debug/deps/libspoolq_fs_linux-fa1f830202f762e6.rmeta --extern spoolq_math=/tmp/cargo-mutants-spoolq-3oe28L.tmp/target/debug/deps/libspoolq_math-849003bb3180c716.rmeta --extern spoolq_names=/tmp/cargo-mutants-spoolq-3oe28L.tmp/target/debug/deps/libspoolq_names-eba0d2135d1428a1.rmeta --extern thiserror=/tmp/cargo-mutants-spoolq-3oe28L.tmp/target/debug/deps/libthiserror-b3cb4170505cb99c.rmeta` (exit status: 1)
warning: build failed, waiting for other jobs to finish...
warning: unused variable: `e`
    --> crates/spoolq-core/src/queue.rs:5270:38
     |
5270 |             AckOutcome::NotCommitted(e) => {
     |                                      ^ help: if this is intentional, prefix it with an underscore: `_e`
     |
     = note: `#[warn(unused_variables)]` on by default

warning: `spoolq-core` (lib test) generated 1 warning
error: could not compile `spoolq-core` (lib test) due to 1 previous error; 1 warning emitted

Caused by:
  process didn't exit successfully: `/home/davidtorcivia/.rustup/toolchains/1.88.0-x86_64-unknown-linux-gnu/bin/rustc --crate-name spoolq_core --edition=2021 crates/spoolq-core/src/lib.rs --error-format=json --json=diagnostic-rendered-ansi,artifacts,future-incompat --emit=dep-info,link -C embed-bitcode=no -C debuginfo=2 --test --check-cfg 'cfg(docsrs,test)' --check-cfg 'cfg(feature, values())' -C metadata=03247d8421bced53 -C extra-filename=-c52a591e79bab391 --out-dir /tmp/cargo-mutants-spoolq-3oe28L.tmp/target/debug/deps -C incremental=/tmp/cargo-mutants-spoolq-3oe28L.tmp/target/debug/incremental -L dependency=/tmp/cargo-mutants-spoolq-3oe28L.tmp/target/debug/deps --extern criterion=/tmp/cargo-mutants-spoolq-3oe28L.tmp/target/debug/deps/libcriterion-336e364b27c03862.rlib --extern libc=/tmp/cargo-mutants-spoolq-3oe28L.tmp/target/debug/deps/liblibc-9e88ed3c5bf2ccdf.rlib --extern sha2=/tmp/cargo-mutants-spoolq-3oe28L.tmp/target/debug/deps/libsha2-65c10a9fa375dc42.rlib --extern spoolq_format=/tmp/cargo-mutants-spoolq-3oe28L.tmp/target/debug/deps/libspoolq_format-d8914526dd26579d.rlib --extern spoolq_fs_linux=/tmp/cargo-mutants-spoolq-3oe28L.tmp/target/debug/deps/libspoolq_fs_linux-fa1f830202f762e6.rlib --extern spoolq_math=/tmp/cargo-mutants-spoolq-3oe28L.tmp/target/debug/deps/libspoolq_math-849003bb3180c716.rlib --extern spoolq_names=/tmp/cargo-mutants-spoolq-3oe28L.tmp/target/debug/deps/libspoolq_names-eba0d2135d1428a1.rlib --extern tempfile=/tmp/cargo-mutants-spoolq-3oe28L.tmp/target/debug/deps/libtempfile-ecef740f18c6b843.rlib --extern thiserror=/tmp/cargo-mutants-spoolq-3oe28L.tmp/target/debug/deps/libthiserror-b3cb4170505cb99c.rlib` (exit status: 1)

*** result: Failure(101)
